mnt/data/26755_work/kotlin_syntax/com/hinnka/mycamera/utils/LargeDirectBuffer.kt:3:48: warning: parameter 'label' is never used
object LargeDirectBuffer { fun allocate(n:Long,label:String=""):ByteBuffer?=ByteBuffer.allocateDirect(n.toInt()); fun free(b:ByteBuffer?){} }
                                               ^
mnt/data/26755_work/kotlin_syntax/com/hinnka/mycamera/utils/LargeDirectBuffer.kt:3:124: warning: parameter 'b' is never used
object LargeDirectBuffer { fun allocate(n:Long,label:String=""):ByteBuffer?=ByteBuffer.allocateDirect(n.toInt()); fun free(b:ByteBuffer?){} }
                                                                                                                           ^
mnt/data/26755_work/kotlin_syntax/com/hinnka/mycamera/utils/PLog.kt:2:21: warning: parameter 'a' is never used
object PLog { fun e(a:String,b:String){}; fun e(a:String,b:String,t:Throwable){}; fun w(a:String,b:String){} }
                    ^
mnt/data/26755_work/kotlin_syntax/com/hinnka/mycamera/utils/PLog.kt:2:30: warning: parameter 'b' is never used
object PLog { fun e(a:String,b:String){}; fun e(a:String,b:String,t:Throwable){}; fun w(a:String,b:String){} }
                             ^
mnt/data/26755_work/kotlin_syntax/com/hinnka/mycamera/utils/PLog.kt:2:49: warning: parameter 'a' is never used
object PLog { fun e(a:String,b:String){}; fun e(a:String,b:String,t:Throwable){}; fun w(a:String,b:String){} }
                                                ^
mnt/data/26755_work/kotlin_syntax/com/hinnka/mycamera/utils/PLog.kt:2:58: warning: parameter 'b' is never used
object PLog { fun e(a:String,b:String){}; fun e(a:String,b:String,t:Throwable){}; fun w(a:String,b:String){} }
                                                         ^
mnt/data/26755_work/kotlin_syntax/com/hinnka/mycamera/utils/PLog.kt:2:67: warning: parameter 't' is never used
object PLog { fun e(a:String,b:String){}; fun e(a:String,b:String,t:Throwable){}; fun w(a:String,b:String){} }
                                                                  ^
mnt/data/26755_work/kotlin_syntax/com/hinnka/mycamera/utils/PLog.kt:2:89: warning: parameter 'a' is never used
object PLog { fun e(a:String,b:String){}; fun e(a:String,b:String,t:Throwable){}; fun w(a:String,b:String){} }
                                                                                        ^
mnt/data/26755_work/kotlin_syntax/com/hinnka/mycamera/utils/PLog.kt:2:98: warning: parameter 'b' is never used
object PLog { fun e(a:String,b:String){}; fun e(a:String,b:String,t:Throwable){}; fun w(a:String,b:String){} }
                                                                                                 ^
