exception: java.lang.OutOfMemoryError: Java heap space
	at java.base/java.util.HashSet.<init>(HashSet.java:171)
	at java.base/java.util.LinkedHashSet.<init>(LinkedHashSet.java:167)
	at org.jetbrains.kotlin.cfg.pseudocode.instructions.InstructionImpl.<init>(InstructionImpl.kt:56)
	at org.jetbrains.kotlin.cfg.pseudocode.instructions.KtElementInstructionImpl.<init>(KtElementInstructionImpl.kt:25)
	at org.jetbrains.kotlin.cfg.pseudocode.instructions.InstructionWithNext.<init>(InstructionWithNext.kt:24)
	at org.jetbrains.kotlin.cfg.pseudocode.instructions.special.SubroutineEnterInstruction.<init>(SubroutineEnterInstruction.kt:29)
	at org.jetbrains.kotlin.cfg.pseudocode.instructions.special.SubroutineEnterInstruction.createCopy(SubroutineEnterInstruction.kt:39)
	at org.jetbrains.kotlin.cfg.pseudocode.instructions.InstructionImpl.copy(InstructionImpl.kt:39)
	at org.jetbrains.kotlin.cfg.pseudocode.PseudocodeImpl.copyInstruction(PseudocodeImpl.kt:444)
	at org.jetbrains.kotlin.cfg.pseudocode.PseudocodeImpl.repeatInternal(PseudocodeImpl.kt:399)
	at org.jetbrains.kotlin.cfg.pseudocode.PseudocodeImpl.repeatWhole(PseudocodeImpl.kt:363)
	at org.jetbrains.kotlin.cfg.pseudocode.PseudocodeImpl.copy(PseudocodeImpl.kt:356)
	at org.jetbrains.kotlin.cfg.pseudocode.PseudocodeImpl.copy(PseudocodeImpl.kt:38)
	at org.jetbrains.kotlin.cfg.pseudocode.instructions.special.LocalFunctionDeclarationInstruction.createCopy(LocalFunctionDeclarationInstruction.kt:57)
	at org.jetbrains.kotlin.cfg.pseudocode.instructions.InstructionImpl.copy(InstructionImpl.kt:39)
	at org.jetbrains.kotlin.cfg.pseudocode.PseudocodeImpl.copyInstruction(PseudocodeImpl.kt:444)
	at org.jetbrains.kotlin.cfg.pseudocode.PseudocodeImpl.repeatInternal(PseudocodeImpl.kt:399)
	at org.jetbrains.kotlin.cfg.pseudocode.PseudocodeImpl.repeatPart(PseudocodeImpl.kt:368)
	at org.jetbrains.kotlin.cfg.pseudocode.ControlFlowInstructionsGenerator$ControlFlowInstructionsGeneratorWorker.repeatPseudocode(ControlFlowInstructionsGenerator.kt:337)
	at org.jetbrains.kotlin.cfg.ControlFlowBuilderAdapter.repeatPseudocode(ControlFlowBuilderAdapter.kt:197)
	at org.jetbrains.kotlin.cfg.ControlFlowProcessor$CFPVisitor$FinallyBlockGenerator.generate(ControlFlowProcessor.kt:598)
	at org.jetbrains.kotlin.cfg.ControlFlowProcessor$CFPVisitor$visitTryExpression$1.generate(ControlFlowProcessor.kt:629)
	at org.jetbrains.kotlin.cfg.pseudocode.ControlFlowInstructionsGenerator$TryFinallyBlockInfo.generateFinallyBlock(ControlFlowInstructionsGenerator.kt:427)
	at org.jetbrains.kotlin.cfg.pseudocode.ControlFlowInstructionsGenerator$ControlFlowInstructionsGeneratorWorker.handleJumpInsideTryFinally(ControlFlowInstructionsGenerator.kt:208)
	at org.jetbrains.kotlin.cfg.pseudocode.ControlFlowInstructionsGenerator$ControlFlowInstructionsGeneratorWorker.jumpToError(ControlFlowInstructionsGenerator.kt:318)
	at org.jetbrains.kotlin.cfg.ControlFlowBuilderAdapter.jumpToError(ControlFlowBuilderAdapter.kt:108)
	at org.jetbrains.kotlin.cfg.ControlFlowProcessor$CFPVisitor.checkNothingType(ControlFlowProcessor.kt:198)
	at org.jetbrains.kotlin.cfg.ControlFlowProcessor$CFPVisitor.generateInstructions(ControlFlowProcessor.kt:182)
	at org.jetbrains.kotlin.cfg.ControlFlowProcessor$CFPVisitor.generateAndGetReceiverIfAny(ControlFlowProcessor.kt:1154)
	at org.jetbrains.kotlin.cfg.ControlFlowProcessor$CFPVisitor.visitSimpleNameExpression(ControlFlowProcessor.kt:297)
	at org.jetbrains.kotlin.psi.KtVisitorVoid.visitSimpleNameExpression(KtVisitorVoid.java:685)
	at org.jetbrains.kotlin.psi.KtVisitorVoid.visitSimpleNameExpression(KtVisitorVoid.java:21)

kotlinc_exit=137
